-- The C compiler identification is GNU 13.3.0
-- The CXX compiler identification is GNU 13.3.0
-- Detecting C compiler ABI info
-- Detecting C compiler ABI info - done
-- Check for working C compiler: /usr/bin/cc - skipped
-- Detecting C compile features
-- Detecting C compile features - done
-- Detecting CXX compiler ABI info
-- Detecting CXX compiler ABI info - done
-- Check for working CXX compiler: /usr/bin/c++ - skipped
-- Detecting CXX compile features
-- Detecting CXX compile features - done
-- Found ament_cmake: 2.5.4 (/opt/ros/jazzy/share/ament_cmake/cmake)
-- Found Python3: /usr/bin/python3 (found version "3.12.3") found components: Interpreter 
-- Found rclcpp: 28.1.12 (/opt/ros/jazzy/share/rclcpp/cmake)
-- Found rosidl_generator_c: 4.6.6 (/opt/ros/jazzy/share/rosidl_generator_c/cmake)
-- Found rosidl_generator_cpp: 4.6.6 (/opt/ros/jazzy/share/rosidl_generator_cpp/cmake)
-- Using all available rosidl_typesupport_c: rosidl_typesupport_fastrtps_c;rosidl_typesupport_introspection_c
-- Using all available rosidl_typesupport_cpp: rosidl_typesupport_fastrtps_cpp;rosidl_typesupport_introspection_cpp
-- Found rmw_implementation_cmake: 7.3.2 (/opt/ros/jazzy/share/rmw_implementation_cmake/cmake)
-- Found rmw_fastrtps_cpp: 8.4.3 (/opt/ros/jazzy/share/rmw_fastrtps_cpp/cmake)
-- Found OpenSSL: /usr/lib/x86_64-linux-gnu/libcrypto.so (found version "3.0.13")  
-- Found FastRTPS: /opt/ros/jazzy/include (Required is at least version "2.13") 
-- Using RMW implementation 'rmw_fastrtps_cpp' as default
-- Found rclcpp_action: 28.1.12 (/opt/ros/jazzy/share/rclcpp_action/cmake)
-- Found my_robot_interfaces: 0.0.0 (/home/user/ros2_ws/install/my_robot_interfaces/share/my_robot_interfaces/cmake)
-- Configuring done (7.2s)
-- Generating done (0.0s)
-- Build files have been written to: /home/user/ros2_ws/src/build/actions_cpp
[ 50%] [32mBuilding CXX object CMakeFiles/count_until_server.dir/src/count_until_server.cpp.o[0m
[100%] [32m[1mLinking CXX executable count_until_server[0m
[100%] Built target count_until_server
-- Install configuration: ""
-- Installing: /home/user/ros2_ws/src/install/actions_cpp/lib/actions_cpp/count_until_server
-- Set non-toolchain portion of runtime path of "/home/user/ros2_ws/src/install/actions_cpp/lib/actions_cpp/count_until_server" to ""
-- Installing: /home/user/ros2_ws/src/install/actions_cpp/share/ament_index/resource_index/package_run_dependencies/actions_cpp
-- Installing: /home/user/ros2_ws/src/install/actions_cpp/share/ament_index/resource_index/parent_prefix_path/actions_cpp
-- Installing: /home/user/ros2_ws/src/install/actions_cpp/share/actions_cpp/environment/ament_prefix_path.sh
-- Installing: /home/user/ros2_ws/src/install/actions_cpp/share/actions_cpp/environment/ament_prefix_path.dsv
-- Installing: /home/user/ros2_ws/src/install/actions_cpp/share/actions_cpp/environment/path.sh
-- Installing: /home/user/ros2_ws/src/install/actions_cpp/share/actions_cpp/environment/path.dsv
-- Installing: /home/user/ros2_ws/src/install/actions_cpp/share/actions_cpp/local_setup.bash
-- Installing: /home/user/ros2_ws/src/install/actions_cpp/share/actions_cpp/local_setup.sh
-- Installing: /home/user/ros2_ws/src/install/actions_cpp/share/actions_cpp/local_setup.zsh
-- Installing: /home/user/ros2_ws/src/install/actions_cpp/share/actions_cpp/local_setup.dsv
-- Installing: /home/user/ros2_ws/src/install/actions_cpp/share/actions_cpp/package.dsv
-- Installing: /home/user/ros2_ws/src/install/actions_cpp/share/ament_index/resource_index/packages/actions_cpp
-- Installing: /home/user/ros2_ws/src/install/actions_cpp/share/actions_cpp/cmake/actions_cppConfig.cmake
-- Installing: /home/user/ros2_ws/src/install/actions_cpp/share/actions_cpp/cmake/actions_cppConfig-version.cmake
-- Installing: /home/user/ros2_ws/src/install/actions_cpp/share/actions_cpp/package.xml
