[ 50%] Built target single_threaded_executor
[ 75%] [32mBuilding CXX object CMakeFiles/multi_threaded_executor.dir/src/multi_threaded_executor.cpp.o[0m
[100%] [32m[1mLinking CXX executable multi_threaded_executor[0m
[100%] Built target multi_threaded_executor
-- Install configuration: ""
-- Installing: /home/user/ros2_ws/src/install/executors_cpp/lib/executors_cpp/single_threaded_executor
-- Set non-toolchain portion of runtime path of "/home/user/ros2_ws/src/install/executors_cpp/lib/executors_cpp/single_threaded_executor" to ""
-- Installing: /home/user/ros2_ws/src/install/executors_cpp/lib/executors_cpp/multi_threaded_executor
-- Set non-toolchain portion of runtime path of "/home/user/ros2_ws/src/install/executors_cpp/lib/executors_cpp/multi_threaded_executor" to ""
-- Installing: /home/user/ros2_ws/src/install/executors_cpp/share/ament_index/resource_index/package_run_dependencies/executors_cpp
-- Installing: /home/user/ros2_ws/src/install/executors_cpp/share/ament_index/resource_index/parent_prefix_path/executors_cpp
-- Installing: /home/user/ros2_ws/src/install/executors_cpp/share/executors_cpp/environment/ament_prefix_path.sh
-- Installing: /home/user/ros2_ws/src/install/executors_cpp/share/executors_cpp/environment/ament_prefix_path.dsv
-- Installing: /home/user/ros2_ws/src/install/executors_cpp/share/executors_cpp/environment/path.sh
-- Installing: /home/user/ros2_ws/src/install/executors_cpp/share/executors_cpp/environment/path.dsv
-- Installing: /home/user/ros2_ws/src/install/executors_cpp/share/executors_cpp/local_setup.bash
-- Installing: /home/user/ros2_ws/src/install/executors_cpp/share/executors_cpp/local_setup.sh
-- Installing: /home/user/ros2_ws/src/install/executors_cpp/share/executors_cpp/local_setup.zsh
-- Installing: /home/user/ros2_ws/src/install/executors_cpp/share/executors_cpp/local_setup.dsv
-- Installing: /home/user/ros2_ws/src/install/executors_cpp/share/executors_cpp/package.dsv
-- Installing: /home/user/ros2_ws/src/install/executors_cpp/share/ament_index/resource_index/packages/executors_cpp
-- Installing: /home/user/ros2_ws/src/install/executors_cpp/share/executors_cpp/cmake/executors_cppConfig.cmake
-- Installing: /home/user/ros2_ws/src/install/executors_cpp/share/executors_cpp/cmake/executors_cppConfig-version.cmake
-- Installing: /home/user/ros2_ws/src/install/executors_cpp/share/executors_cpp/package.xml
