[0.020s] Invoking command in '/home/user/ros2_ws/src/build/executors_cpp': CMAKE_PREFIX_PATH=${CMAKE_PREFIX_PATH}:/home/user/ros2_ws/install/executors_py:/home/user/ros2_ws/install/turtlesim_catch_them_all:/home/user/ros2_ws/install/my_py_pkg:/home/user/ros2_ws/install/actions_py:/home/user/ros2_ws/install/lifecycle_py:/opt/ros/jazzy /usr/bin/cmake --build /home/user/ros2_ws/src/build/executors_cpp -- -j4 -l4
[0.151s] [ 50%] Built target single_threaded_executor
[0.152s] [ 75%] [32mBuilding CXX object CMakeFiles/multi_threaded_executor.dir/src/multi_threaded_executor.cpp.o[0m
[9.707s] [100%] [32m[1mLinking CXX executable multi_threaded_executor[0m
[10.302s] [100%] Built target multi_threaded_executor
[10.331s] Invoked command in '/home/user/ros2_ws/src/build/executors_cpp' returned '0': CMAKE_PREFIX_PATH=${CMAKE_PREFIX_PATH}:/home/user/ros2_ws/install/executors_py:/home/user/ros2_ws/install/turtlesim_catch_them_all:/home/user/ros2_ws/install/my_py_pkg:/home/user/ros2_ws/install/actions_py:/home/user/ros2_ws/install/lifecycle_py:/opt/ros/jazzy /usr/bin/cmake --build /home/user/ros2_ws/src/build/executors_cpp -- -j4 -l4
[10.347s] Invoking command in '/home/user/ros2_ws/src/build/executors_cpp': CMAKE_PREFIX_PATH=${CMAKE_PREFIX_PATH}:/home/user/ros2_ws/install/executors_py:/home/user/ros2_ws/install/turtlesim_catch_them_all:/home/user/ros2_ws/install/my_py_pkg:/home/user/ros2_ws/install/actions_py:/home/user/ros2_ws/install/lifecycle_py:/opt/ros/jazzy /usr/bin/cmake --install /home/user/ros2_ws/src/build/executors_cpp
[10.360s] -- Install configuration: ""
[10.363s] -- Installing: /home/user/ros2_ws/src/install/executors_cpp/lib/executors_cpp/single_threaded_executor
[10.367s] -- Set non-toolchain portion of runtime path of "/home/user/ros2_ws/src/install/executors_cpp/lib/executors_cpp/single_threaded_executor" to ""
[10.367s] -- Installing: /home/user/ros2_ws/src/install/executors_cpp/lib/executors_cpp/multi_threaded_executor
[10.369s] -- Set non-toolchain portion of runtime path of "/home/user/ros2_ws/src/install/executors_cpp/lib/executors_cpp/multi_threaded_executor" to ""
[10.371s] -- Installing: /home/user/ros2_ws/src/install/executors_cpp/share/ament_index/resource_index/package_run_dependencies/executors_cpp
[10.372s] -- Installing: /home/user/ros2_ws/src/install/executors_cpp/share/ament_index/resource_index/parent_prefix_path/executors_cpp
[10.373s] -- Installing: /home/user/ros2_ws/src/install/executors_cpp/share/executors_cpp/environment/ament_prefix_path.sh
[10.374s] -- Installing: /home/user/ros2_ws/src/install/executors_cpp/share/executors_cpp/environment/ament_prefix_path.dsv
[10.374s] -- Installing: /home/user/ros2_ws/src/install/executors_cpp/share/executors_cpp/environment/path.sh
[10.375s] -- Installing: /home/user/ros2_ws/src/install/executors_cpp/share/executors_cpp/environment/path.dsv
[10.376s] -- Installing: /home/user/ros2_ws/src/install/executors_cpp/share/executors_cpp/local_setup.bash
[10.376s] -- Installing: /home/user/ros2_ws/src/install/executors_cpp/share/executors_cpp/local_setup.sh
[10.376s] -- Installing: /home/user/ros2_ws/src/install/executors_cpp/share/executors_cpp/local_setup.zsh
[10.376s] -- Installing: /home/user/ros2_ws/src/install/executors_cpp/share/executors_cpp/local_setup.dsv
[10.377s] -- Installing: /home/user/ros2_ws/src/install/executors_cpp/share/executors_cpp/package.dsv
[10.377s] -- Installing: /home/user/ros2_ws/src/install/executors_cpp/share/ament_index/resource_index/packages/executors_cpp
[10.378s] -- Installing: /home/user/ros2_ws/src/install/executors_cpp/share/executors_cpp/cmake/executors_cppConfig.cmake
[10.378s] -- Installing: /home/user/ros2_ws/src/install/executors_cpp/share/executors_cpp/cmake/executors_cppConfig-version.cmake
[10.379s] -- Installing: /home/user/ros2_ws/src/install/executors_cpp/share/executors_cpp/package.xml
[10.383s] Invoked command in '/home/user/ros2_ws/src/build/executors_cpp' returned '0': CMAKE_PREFIX_PATH=${CMAKE_PREFIX_PATH}:/home/user/ros2_ws/install/executors_py:/home/user/ros2_ws/install/turtlesim_catch_them_all:/home/user/ros2_ws/install/my_py_pkg:/home/user/ros2_ws/install/actions_py:/home/user/ros2_ws/install/lifecycle_py:/opt/ros/jazzy /usr/bin/cmake --install /home/user/ros2_ws/src/build/executors_cpp
