[ 50%] [32mBuilding CXX object CMakeFiles/count_until_server.dir/src/count_until_server.cpp.o[0m
[100%] [32m[1mLinking CXX executable count_until_server[0m
[100%] Built target count_until_server
-- Install configuration: ""
-- Installing: /home/user/ros2_ws/src/install/actions_cpp/lib/actions_cpp/count_until_server
-- Set non-toolchain portion of runtime path of "/home/user/ros2_ws/src/install/actions_cpp/lib/actions_cpp/count_until_server" to ""
-- Up-to-date: /home/user/ros2_ws/src/install/actions_cpp/share/ament_index/resource_index/package_run_dependencies/actions_cpp
-- Up-to-date: /home/user/ros2_ws/src/install/actions_cpp/share/ament_index/resource_index/parent_prefix_path/actions_cpp
-- Up-to-date: /home/user/ros2_ws/src/install/actions_cpp/share/actions_cpp/environment/ament_prefix_path.sh
-- Up-to-date: /home/user/ros2_ws/src/install/actions_cpp/share/actions_cpp/environment/ament_prefix_path.dsv
-- Up-to-date: /home/user/ros2_ws/src/install/actions_cpp/share/actions_cpp/environment/path.sh
-- Up-to-date: /home/user/ros2_ws/src/install/actions_cpp/share/actions_cpp/environment/path.dsv
-- Up-to-date: /home/user/ros2_ws/src/install/actions_cpp/share/actions_cpp/local_setup.bash
-- Up-to-date: /home/user/ros2_ws/src/install/actions_cpp/share/actions_cpp/local_setup.sh
-- Up-to-date: /home/user/ros2_ws/src/install/actions_cpp/share/actions_cpp/local_setup.zsh
-- Up-to-date: /home/user/ros2_ws/src/install/actions_cpp/share/actions_cpp/local_setup.dsv
-- Installing: /home/user/ros2_ws/src/install/actions_cpp/share/actions_cpp/package.dsv
-- Up-to-date: /home/user/ros2_ws/src/install/actions_cpp/share/ament_index/resource_index/packages/actions_cpp
-- Up-to-date: /home/user/ros2_ws/src/install/actions_cpp/share/actions_cpp/cmake/actions_cppConfig.cmake
-- Up-to-date: /home/user/ros2_ws/src/install/actions_cpp/share/actions_cpp/cmake/actions_cppConfig-version.cmake
-- Up-to-date: /home/user/ros2_ws/src/install/actions_cpp/share/actions_cpp/package.xml
