[0.030s] Invoking command in '/home/user/ros2_ws/src/build/actions_cpp': CMAKE_PREFIX_PATH=${CMAKE_PREFIX_PATH}:/home/user/ros2_ws/install/turtlesim_catch_them_all:/home/user/ros2_ws/install/my_py_pkg:/home/user/ros2_ws/install/actions_py:/opt/ros/jazzy /usr/bin/cmake --build /home/user/ros2_ws/src/build/actions_cpp -- -j4 -l4
[0.164s] [ 50%] [32mBuilding CXX object CMakeFiles/count_until_server.dir/src/count_until_server.cpp.o[0m
[6.709s] [100%] [32m[1mLinking CXX executable count_until_server[0m
[7.271s] [100%] Built target count_until_server
[7.287s] Invoked command in '/home/user/ros2_ws/src/build/actions_cpp' returned '0': CMAKE_PREFIX_PATH=${CMAKE_PREFIX_PATH}:/home/user/ros2_ws/install/turtlesim_catch_them_all:/home/user/ros2_ws/install/my_py_pkg:/home/user/ros2_ws/install/actions_py:/opt/ros/jazzy /usr/bin/cmake --build /home/user/ros2_ws/src/build/actions_cpp -- -j4 -l4
[7.309s] Invoking command in '/home/user/ros2_ws/src/build/actions_cpp': CMAKE_PREFIX_PATH=${CMAKE_PREFIX_PATH}:/home/user/ros2_ws/install/turtlesim_catch_them_all:/home/user/ros2_ws/install/my_py_pkg:/home/user/ros2_ws/install/actions_py:/opt/ros/jazzy /usr/bin/cmake --install /home/user/ros2_ws/src/build/actions_cpp
[7.325s] -- Install configuration: ""
[7.325s] -- Installing: /home/user/ros2_ws/src/install/actions_cpp/lib/actions_cpp/count_until_server
[7.326s] -- Set non-toolchain portion of runtime path of "/home/user/ros2_ws/src/install/actions_cpp/lib/actions_cpp/count_until_server" to ""
[7.326s] -- Up-to-date: /home/user/ros2_ws/src/install/actions_cpp/share/ament_index/resource_index/package_run_dependencies/actions_cpp
[7.327s] -- Up-to-date: /home/user/ros2_ws/src/install/actions_cpp/share/ament_index/resource_index/parent_prefix_path/actions_cpp
[7.327s] -- Up-to-date: /home/user/ros2_ws/src/install/actions_cpp/share/actions_cpp/environment/ament_prefix_path.sh
[7.327s] -- Up-to-date: /home/user/ros2_ws/src/install/actions_cpp/share/actions_cpp/environment/ament_prefix_path.dsv
[7.327s] -- Up-to-date: /home/user/ros2_ws/src/install/actions_cpp/share/actions_cpp/environment/path.sh
[7.327s] -- Up-to-date: /home/user/ros2_ws/src/install/actions_cpp/share/actions_cpp/environment/path.dsv
[7.327s] -- Up-to-date: /home/user/ros2_ws/src/install/actions_cpp/share/actions_cpp/local_setup.bash
[7.327s] -- Up-to-date: /home/user/ros2_ws/src/install/actions_cpp/share/actions_cpp/local_setup.sh
[7.327s] -- Up-to-date: /home/user/ros2_ws/src/install/actions_cpp/share/actions_cpp/local_setup.zsh
[7.327s] -- Up-to-date: /home/user/ros2_ws/src/install/actions_cpp/share/actions_cpp/local_setup.dsv
[7.327s] -- Installing: /home/user/ros2_ws/src/install/actions_cpp/share/actions_cpp/package.dsv
[7.328s] -- Up-to-date: /home/user/ros2_ws/src/install/actions_cpp/share/ament_index/resource_index/packages/actions_cpp
[7.328s] -- Up-to-date: /home/user/ros2_ws/src/install/actions_cpp/share/actions_cpp/cmake/actions_cppConfig.cmake
[7.328s] -- Up-to-date: /home/user/ros2_ws/src/install/actions_cpp/share/actions_cpp/cmake/actions_cppConfig-version.cmake
[7.328s] -- Up-to-date: /home/user/ros2_ws/src/install/actions_cpp/share/actions_cpp/package.xml
[7.330s] Invoked command in '/home/user/ros2_ws/src/build/actions_cpp' returned '0': CMAKE_PREFIX_PATH=${CMAKE_PREFIX_PATH}:/home/user/ros2_ws/install/turtlesim_catch_them_all:/home/user/ros2_ws/install/my_py_pkg:/home/user/ros2_ws/install/actions_py:/opt/ros/jazzy /usr/bin/cmake --install /home/user/ros2_ws/src/build/actions_cpp
