running develop
running egg_info
creating turtlesim_catch_them_all.egg-info
writing turtlesim_catch_them_all.egg-info/PKG-INFO
writing dependency_links to turtlesim_catch_them_all.egg-info/dependency_links.txt
writing entry points to turtlesim_catch_them_all.egg-info/entry_points.txt
writing requirements to turtlesim_catch_them_all.egg-info/requires.txt
writing top-level names to turtlesim_catch_them_all.egg-info/top_level.txt
writing manifest file 'turtlesim_catch_them_all.egg-info/SOURCES.txt'
reading manifest file 'turtlesim_catch_them_all.egg-info/SOURCES.txt'
writing manifest file 'turtlesim_catch_them_all.egg-info/SOURCES.txt'
running build_ext
Creating /home/user/ros2_ws/src/install/turtlesim_catch_them_all/lib/python3.12/site-packages/turtlesim-catch-them-all.egg-link (link to .)
Installing controller script to /home/user/ros2_ws/src/install/turtlesim_catch_them_all/lib/turtlesim_catch_them_all
Installing spawner script to /home/user/ros2_ws/src/install/turtlesim_catch_them_all/lib/turtlesim_catch_them_all

Installed /home/user/ros2_ws/src/build/turtlesim_catch_them_all
running symlink_data
creating /home/user/ros2_ws/src/install/turtlesim_catch_them_all/share/ament_index
creating /home/user/ros2_ws/src/install/turtlesim_catch_them_all/share/ament_index/resource_index
creating /home/user/ros2_ws/src/install/turtlesim_catch_them_all/share/ament_index/resource_index/packages
symbolically linking /home/user/ros2_ws/src/build/turtlesim_catch_them_all/resource/turtlesim_catch_them_all -> /home/user/ros2_ws/src/install/turtlesim_catch_them_all/share/ament_index/resource_index/packages
symbolically linking /home/user/ros2_ws/src/build/turtlesim_catch_them_all/package.xml -> /home/user/ros2_ws/src/install/turtlesim_catch_them_all/share/turtlesim_catch_them_all
